/Users/emil/Documents/GitHub/Kish_estimator/.venv/lib/python3.10/site-packages/e3nn/o3/_wigner.py:10: UserWarning: Environment variable TORCH_FORCE_NO_WEIGHTS_ONLY_LOAD detected, since the`weights_only` argument was not explicitly passed to `torch.load`, forcing weights_only=False.
  _Jd, _W3j_flat, _W3j_indices = torch.load(os.path.join(os.path.dirname(__file__), 'constants.pt'))
Datensatz : results_all_corrected.xyz  (14811 Frames)
Device    : cpu
Modelle   : mace-L0-01, mace-L0-c-01

cuequivariance or cuequivariance_torch is not available. Cuequivariance acceleration will be disabled.
[load ] mace-L0-01 auf 'cpu' ...
/Users/emil/Documents/GitHub/Kish_estimator/.venv/lib/python3.10/site-packages/mace/calculators/mace.py:226: UserWarning: Environment variable TORCH_FORCE_NO_WEIGHTS_ONLY_LOAD detected, since the`weights_only` argument was not explicitly passed to `torch.load`, forcing weights_only=False.
  torch.load(f=model_path, map_location=device)
WARNING:root:No dtype selected, switching to float32 to match model dtype.
  mace-L0-01: 200/14811  (3.2 Frames/s, ETA 1.27 h)
  mace-L0-01: 400/14811  (3.3 Frames/s, ETA 1.22 h)
  mace-L0-01: 600/14811  (3.1 Frames/s, ETA 1.28 h)
  mace-L0-01: 800/14811  (3.1 Frames/s, ETA 1.26 h)
  mace-L0-01: 1000/14811  (3.1 Frames/s, ETA 1.22 h)
  mace-L0-01: 1200/14811  (3.1 Frames/s, ETA 1.20 h)
  mace-L0-01: 1400/14811  (3.2 Frames/s, ETA 1.18 h)
  mace-L0-01: 1600/14811  (3.2 Frames/s, ETA 1.15 h)
  mace-L0-01: 1800/14811  (3.2 Frames/s, ETA 1.13 h)
  mace-L0-01: 2000/14811  (3.2 Frames/s, ETA 1.11 h)
  mace-L0-01: 2200/14811  (3.2 Frames/s, ETA 1.09 h)
  mace-L0-01: 2400/14811  (3.2 Frames/s, ETA 1.08 h)
  mace-L0-01: 2600/14811  (3.2 Frames/s, ETA 1.05 h)
  mace-L0-01: 2800/14811  (3.2 Frames/s, ETA 1.04 h)
  mace-L0-01: 3000/14811  (3.2 Frames/s, ETA 1.02 h)
  mace-L0-01: 3200/14811  (3.2 Frames/s, ETA 1.00 h)
  mace-L0-01: 3400/14811  (3.2 Frames/s, ETA 0.98 h)
  mace-L0-01: 3600/14811  (3.2 Frames/s, ETA 0.96 h)
  mace-L0-01: 3800/14811  (3.2 Frames/s, ETA 0.95 h)
  mace-L0-01: 4000/14811  (3.2 Frames/s, ETA 0.93 h)
  mace-L0-01: 4200/14811  (3.2 Frames/s, ETA 0.92 h)
  mace-L0-01: 4400/14811  (3.2 Frames/s, ETA 0.90 h)
  mace-L0-01: 4600/14811  (3.2 Frames/s, ETA 0.88 h)
  mace-L0-01: 4800/14811  (3.2 Frames/s, ETA 0.86 h)
  mace-L0-01: 5000/14811  (3.2 Frames/s, ETA 0.85 h)
  mace-L0-01: 5200/14811  (3.2 Frames/s, ETA 0.83 h)
  mace-L0-01: 5400/14811  (3.2 Frames/s, ETA 0.81 h)
  mace-L0-01: 5600/14811  (3.2 Frames/s, ETA 0.79 h)
  mace-L0-01: 5800/14811  (3.2 Frames/s, ETA 0.78 h)
  mace-L0-01: 6000/14811  (3.2 Frames/s, ETA 0.76 h)
  mace-L0-01: 6200/14811  (3.2 Frames/s, ETA 0.74 h)
  mace-L0-01: 6400/14811  (3.2 Frames/s, ETA 0.73 h)
  mace-L0-01: 6600/14811  (3.2 Frames/s, ETA 0.71 h)
  mace-L0-01: 6800/14811  (3.2 Frames/s, ETA 0.69 h)
  mace-L0-01: 7000/14811  (3.2 Frames/s, ETA 0.67 h)
  mace-L0-01: 7200/14811  (3.2 Frames/s, ETA 0.66 h)
  mace-L0-01: 7400/14811  (3.2 Frames/s, ETA 0.64 h)
  mace-L0-01: 7600/14811  (3.2 Frames/s, ETA 0.62 h)
  mace-L0-01: 7800/14811  (3.2 Frames/s, ETA 0.61 h)
  mace-L0-01: 8000/14811  (3.2 Frames/s, ETA 0.59 h)
  mace-L0-01: 8200/14811  (3.2 Frames/s, ETA 0.57 h)
  mace-L0-01: 8400/14811  (3.2 Frames/s, ETA 0.55 h)
  mace-L0-01: 8600/14811  (3.2 Frames/s, ETA 0.53 h)
  mace-L0-01: 8800/14811  (3.2 Frames/s, ETA 0.52 h)
  mace-L0-01: 9000/14811  (3.2 Frames/s, ETA 0.50 h)
  mace-L0-01: 9200/14811  (3.2 Frames/s, ETA 0.48 h)
  mace-L0-01: 9400/14811  (3.2 Frames/s, ETA 0.47 h)
  mace-L0-01: 9600/14811  (3.2 Frames/s, ETA 0.45 h)
  mace-L0-01: 9800/14811  (3.2 Frames/s, ETA 0.43 h)
  mace-L0-01: 10000/14811  (3.2 Frames/s, ETA 0.41 h)
  mace-L0-01: 10200/14811  (3.2 Frames/s, ETA 0.40 h)
  mace-L0-01: 10400/14811  (3.2 Frames/s, ETA 0.38 h)
  mace-L0-01: 10600/14811  (3.2 Frames/s, ETA 0.37 h)
  mace-L0-01: 10800/14811  (3.2 Frames/s, ETA 0.35 h)
  mace-L0-01: 11000/14811  (3.2 Frames/s, ETA 0.34 h)
  mace-L0-01: 11200/14811  (3.1 Frames/s, ETA 0.32 h)
  mace-L0-01: 11400/14811  (3.1 Frames/s, ETA 0.30 h)
  mace-L0-01: 11600/14811  (3.1 Frames/s, ETA 0.28 h)
  mace-L0-01: 11800/14811  (3.1 Frames/s, ETA 0.27 h)
  mace-L0-01: 12000/14811  (3.1 Frames/s, ETA 0.25 h)
  mace-L0-01: 12200/14811  (3.1 Frames/s, ETA 0.23 h)
  mace-L0-01: 12400/14811  (3.1 Frames/s, ETA 0.21 h)
  mace-L0-01: 12600/14811  (3.1 Frames/s, ETA 0.20 h)
  mace-L0-01: 12800/14811  (3.1 Frames/s, ETA 0.18 h)
  mace-L0-01: 13000/14811  (3.1 Frames/s, ETA 0.16 h)
  mace-L0-01: 13200/14811  (3.1 Frames/s, ETA 0.14 h)
  mace-L0-01: 13400/14811  (3.1 Frames/s, ETA 0.12 h)
  mace-L0-01: 13600/14811  (3.1 Frames/s, ETA 0.11 h)
  mace-L0-01: 13800/14811  (3.1 Frames/s, ETA 0.09 h)
  mace-L0-01: 14000/14811  (3.1 Frames/s, ETA 0.07 h)
  mace-L0-01: 14200/14811  (3.1 Frames/s, ETA 0.05 h)
  mace-L0-01: 14400/14811  (3.1 Frames/s, ETA 0.04 h)
  mace-L0-01: 14600/14811  (3.2 Frames/s, ETA 0.02 h)
  mace-L0-01: 14800/14811  (3.2 Frames/s, ETA 0.00 h)
[done ] mace-L0-01: 14811 Frames -> single_mace-L0-01_testfull.npz  (78.3 min)
[load ] mace-L0-c-01 auf 'cpu' ...
/Users/emil/Documents/GitHub/Kish_estimator/.venv/lib/python3.10/site-packages/mace/calculators/mace.py:226: UserWarning: Environment variable TORCH_FORCE_NO_WEIGHTS_ONLY_LOAD detected, since the`weights_only` argument was not explicitly passed to `torch.load`, forcing weights_only=False.
  torch.load(f=model_path, map_location=device)
WARNING:root:No dtype selected, switching to float32 to match model dtype.
  mace-L0-c-01: 200/14811  (1.8 Frames/s, ETA 2.23 h)
  mace-L0-c-01: 400/14811  (1.8 Frames/s, ETA 2.18 h)
  mace-L0-c-01: 600/14811  (1.8 Frames/s, ETA 2.15 h)
  mace-L0-c-01: 800/14811  (1.8 Frames/s, ETA 2.12 h)
  mace-L0-c-01: 1000/14811  (1.8 Frames/s, ETA 2.09 h)
  mace-L0-c-01: 1200/14811  (1.8 Frames/s, ETA 2.06 h)
  mace-L0-c-01: 1400/14811  (1.8 Frames/s, ETA 2.03 h)
  mace-L0-c-01: 1600/14811  (1.8 Frames/s, ETA 2.00 h)
  mace-L0-c-01: 1800/14811  (1.8 Frames/s, ETA 1.97 h)
  mace-L0-c-01: 2000/14811  (1.8 Frames/s, ETA 1.94 h)
  mace-L0-c-01: 2200/14811  (1.8 Frames/s, ETA 1.91 h)
  mace-L0-c-01: 2400/14811  (1.8 Frames/s, ETA 1.88 h)
  mace-L0-c-01: 2600/14811  (1.8 Frames/s, ETA 1.85 h)
  mace-L0-c-01: 2800/14811  (1.8 Frames/s, ETA 1.82 h)
  mace-L0-c-01: 3000/14811  (1.8 Frames/s, ETA 1.79 h)
  mace-L0-c-01: 3200/14811  (1.8 Frames/s, ETA 1.76 h)
  mace-L0-c-01: 3400/14811  (1.8 Frames/s, ETA 1.73 h)
  mace-L0-c-01: 3600/14811  (1.8 Frames/s, ETA 1.70 h)
  mace-L0-c-01: 3800/14811  (1.8 Frames/s, ETA 1.67 h)
  mace-L0-c-01: 4000/14811  (1.8 Frames/s, ETA 1.64 h)
  mace-L0-c-01: 4200/14811  (1.8 Frames/s, ETA 1.61 h)
  mace-L0-c-01: 4400/14811  (1.8 Frames/s, ETA 1.58 h)
  mace-L0-c-01: 4600/14811  (1.8 Frames/s, ETA 1.55 h)
  mace-L0-c-01: 4800/14811  (1.8 Frames/s, ETA 1.52 h)
  mace-L0-c-01: 5000/14811  (1.8 Frames/s, ETA 1.49 h)
  mace-L0-c-01: 5200/14811  (1.8 Frames/s, ETA 1.46 h)
  mace-L0-c-01: 5400/14811  (1.8 Frames/s, ETA 1.44 h)
  mace-L0-c-01: 5600/14811  (1.8 Frames/s, ETA 1.42 h)
  mace-L0-c-01: 5800/14811  (1.8 Frames/s, ETA 1.40 h)
  mace-L0-c-01: 6000/14811  (1.8 Frames/s, ETA 1.38 h)
  mace-L0-c-01: 6200/14811  (1.8 Frames/s, ETA 1.36 h)
  mace-L0-c-01: 6400/14811  (1.7 Frames/s, ETA 1.34 h)
  mace-L0-c-01: 6600/14811  (1.7 Frames/s, ETA 1.31 h)
  mace-L0-c-01: 6800/14811  (1.7 Frames/s, ETA 1.29 h)
  mace-L0-c-01: 7000/14811  (1.7 Frames/s, ETA 1.26 h)
  mace-L0-c-01: 7200/14811  (1.7 Frames/s, ETA 1.24 h)
  mace-L0-c-01: 7400/14811  (1.7 Frames/s, ETA 1.21 h)
  mace-L0-c-01: 7600/14811  (1.7 Frames/s, ETA 1.19 h)
  mace-L0-c-01: 7800/14811  (1.7 Frames/s, ETA 1.16 h)
  mace-L0-c-01: 8000/14811  (1.7 Frames/s, ETA 1.13 h)
  mace-L0-c-01: 8200/14811  (1.7 Frames/s, ETA 1.10 h)
  mace-L0-c-01: 8400/14811  (1.7 Frames/s, ETA 1.07 h)
  mace-L0-c-01: 8600/14811  (1.7 Frames/s, ETA 1.04 h)
  mace-L0-c-01: 8800/14811  (1.7 Frames/s, ETA 1.00 h)
  mace-L0-c-01: 9000/14811  (1.7 Frames/s, ETA 0.97 h)
  mace-L0-c-01: 9200/14811  (1.7 Frames/s, ETA 0.94 h)
  mace-L0-c-01: 9400/14811  (1.7 Frames/s, ETA 0.91 h)
  mace-L0-c-01: 9600/14811  (1.7 Frames/s, ETA 0.87 h)
  mace-L0-c-01: 9800/14811  (1.7 Frames/s, ETA 0.84 h)
  mace-L0-c-01: 10000/14811  (1.6 Frames/s, ETA 0.81 h)
  mace-L0-c-01: 10200/14811  (1.6 Frames/s, ETA 0.78 h)
  mace-L0-c-01: 10400/14811  (1.6 Frames/s, ETA 0.75 h)
  mace-L0-c-01: 10600/14811  (1.6 Frames/s, ETA 0.72 h)
  mace-L0-c-01: 10800/14811  (1.6 Frames/s, ETA 0.68 h)
  mace-L0-c-01: 11000/14811  (1.6 Frames/s, ETA 0.65 h)
  mace-L0-c-01: 11200/14811  (1.6 Frames/s, ETA 0.61 h)
  mace-L0-c-01: 11400/14811  (1.6 Frames/s, ETA 0.58 h)
  mace-L0-c-01: 11600/14811  (1.6 Frames/s, ETA 0.54 h)
  mace-L0-c-01: 11800/14811  (1.6 Frames/s, ETA 0.51 h)
  mace-L0-c-01: 12000/14811  (1.6 Frames/s, ETA 0.47 h)
  mace-L0-c-01: 12200/14811  (1.6 Frames/s, ETA 0.44 h)
  mace-L0-c-01: 12400/14811  (1.7 Frames/s, ETA 0.41 h)
  mace-L0-c-01: 12600/14811  (1.7 Frames/s, ETA 0.37 h)
  mace-L0-c-01: 12800/14811  (1.7 Frames/s, ETA 0.34 h)
  mace-L0-c-01: 13000/14811  (1.7 Frames/s, ETA 0.30 h)
  mace-L0-c-01: 13200/14811  (1.7 Frames/s, ETA 0.27 h)
  mace-L0-c-01: 13400/14811  (1.7 Frames/s, ETA 0.24 h)
  mace-L0-c-01: 13600/14811  (1.7 Frames/s, ETA 0.20 h)
  mace-L0-c-01: 13800/14811  (1.7 Frames/s, ETA 0.17 h)
  mace-L0-c-01: 14000/14811  (1.7 Frames/s, ETA 0.13 h)
  mace-L0-c-01: 14200/14811  (1.7 Frames/s, ETA 0.10 h)
  mace-L0-c-01: 14400/14811  (1.7 Frames/s, ETA 0.07 h)
  mace-L0-c-01: 14600/14811  (1.7 Frames/s, ETA 0.03 h)
  mace-L0-c-01: 14800/14811  (1.7 Frames/s, ETA 0.00 h)
[done ] mace-L0-c-01: 14811 Frames -> single_mace-L0-c-01_testfull.npz  (147.2 min)

Fertig. Gesamtzeit 3.76 h.
Je Modell eine Datei: cache/single_<modell>_testfull.npz
/Users/emil/Documents/GitHub/Kish_estimator/.venv/lib/python3.10/site-packages/e3nn/o3/_wigner.py:10: UserWarning: Environment variable TORCH_FORCE_NO_WEIGHTS_ONLY_LOAD detected, since the`weights_only` argument was not explicitly passed to `torch.load`, forcing weights_only=False.
  _Jd, _W3j_flat, _W3j_indices = torch.load(os.path.join(os.path.dirname(__file__), 'constants.pt'))
Datensatz : results_all_corrected.xyz  (14811 Frames)
Device    : cpu
Modelle   : mace-L2-c-01

cuequivariance or cuequivariance_torch is not available. Cuequivariance acceleration will be disabled.
[load ] mace-L2-c-01 auf 'cpu' ...
/Users/emil/Documents/GitHub/Kish_estimator/.venv/lib/python3.10/site-packages/mace/calculators/mace.py:226: UserWarning: Environment variable TORCH_FORCE_NO_WEIGHTS_ONLY_LOAD detected, since the`weights_only` argument was not explicitly passed to `torch.load`, forcing weights_only=False.
  torch.load(f=model_path, map_location=device)
WARNING:root:No dtype selected, switching to float32 to match model dtype.
  mace-L2-c-01: 200/14811  (0.2 Frames/s, ETA 16.90 h)
/Users/emil/Documents/GitHub/Kish_estimator/.venv/lib/python3.10/site-packages/e3nn/o3/_wigner.py:10: UserWarning: Environment variable TORCH_FORCE_NO_WEIGHTS_ONLY_LOAD detected, since the`weights_only` argument was not explicitly passed to `torch.load`, forcing weights_only=False.
  _Jd, _W3j_flat, _W3j_indices = torch.load(os.path.join(os.path.dirname(__file__), 'constants.pt'))
Datensatz : results_all_corrected.xyz  (14811 Frames)
Device    : mps
Modelle   : mace-L2-c-01

cuequivariance or cuequivariance_torch is not available. Cuequivariance acceleration will be disabled.
[load ] mace-L2-c-01 auf 'mps' ...
/Users/emil/Documents/GitHub/Kish_estimator/.venv/lib/python3.10/site-packages/mace/calculators/mace.py:226: UserWarning: Environment variable TORCH_FORCE_NO_WEIGHTS_ONLY_LOAD detected, since the`weights_only` argument was not explicitly passed to `torch.load`, forcing weights_only=False.
  torch.load(f=model_path, map_location=device)
WARNING:root:No dtype selected, switching to float32 to match model dtype.
Traceback (most recent call last):
  File "/Users/emil/Documents/GitHub/Kish_estimator/compute_full_energies.py", line 132, in <module>
    main()
  File "/Users/emil/Documents/GitHub/Kish_estimator/compute_full_energies.py", line 126, in main
    run_model(name, ALL_MODELS[name], device)
  File "/Users/emil/Documents/GitHub/Kish_estimator/compute_full_energies.py", line 85, in run_model
    em = atoms.get_potential_energy()        # MACE
  File "/Users/emil/Documents/GitHub/Kish_estimator/.venv/lib/python3.10/site-packages/ase/atoms.py", line 1971, in get_potential_energy
    energy = self._calc.get_potential_energy(self)
  File "/Users/emil/Documents/GitHub/Kish_estimator/.venv/lib/python3.10/site-packages/ase/calculators/abc.py", line 25, in get_potential_energy
    return self.get_property(name, atoms)
  File "/Users/emil/Documents/GitHub/Kish_estimator/.venv/lib/python3.10/site-packages/ase/calculators/calculator.py", line 517, in get_property
    self.calculate(atoms, [name], system_changes)
  File "/Users/emil/Documents/GitHub/Kish_estimator/.venv/lib/python3.10/site-packages/mace/calculators/mace.py", line 635, in calculate
    out = model(
  File "/Users/emil/Documents/GitHub/Kish_estimator/.venv/lib/python3.10/site-packages/torch/nn/modules/module.py", line 1778, in _wrapped_call_impl
    return self._call_impl(*args, **kwargs)
  File "/Users/emil/Documents/GitHub/Kish_estimator/.venv/lib/python3.10/site-packages/torch/nn/modules/module.py", line 1789, in _call_impl
    return forward_call(*args, **kwargs)
  File "/Users/emil/Documents/GitHub/Kish_estimator/.venv/lib/python3.10/site-packages/mace/modules/models.py", line 581, in forward
    node_energy = node_e0.clone().double() + node_inter_es.clone().double()
TypeError: Cannot convert a MPS Tensor to float64 dtype as the MPS framework doesn't support float64. Please use float32 instead.
/Users/emil/Documents/GitHub/Kish_estimator/.venv/lib/python3.10/site-packages/e3nn/o3/_wigner.py:10: UserWarning: Environment variable TORCH_FORCE_NO_WEIGHTS_ONLY_LOAD detected, since the`weights_only` argument was not explicitly passed to `torch.load`, forcing weights_only=False.
  _Jd, _W3j_flat, _W3j_indices = torch.load(os.path.join(os.path.dirname(__file__), 'constants.pt'))
Datensatz : results_all_corrected.xyz  (14811 Frames)
Device    : cpu
Frames    : 5000  (aus cache/subsample_n5000_idx.npy)  -> Cache-Suffix 'testfull_n5000'
Modelle   : mace-L2-c-01

cuequivariance or cuequivariance_torch is not available. Cuequivariance acceleration will be disabled.
[load ] mace-L2-c-01 auf 'cpu', 5000 von 14811 Frames ...
/Users/emil/Documents/GitHub/Kish_estimator/.venv/lib/python3.10/site-packages/mace/calculators/mace.py:226: UserWarning: Environment variable TORCH_FORCE_NO_WEIGHTS_ONLY_LOAD detected, since the`weights_only` argument was not explicitly passed to `torch.load`, forcing weights_only=False.
  torch.load(f=model_path, map_location=device)
WARNING:root:No dtype selected, switching to float32 to match model dtype.
  mace-L2-c-01: 200/5000  (0.3 Frames/s, ETA 5.21 h)
  mace-L2-c-01: 400/5000  (0.3 Frames/s, ETA 4.94 h)
  mace-L2-c-01: 600/5000  (0.3 Frames/s, ETA 4.52 h)
  mace-L2-c-01: 800/5000  (0.3 Frames/s, ETA 4.26 h)
  mace-L2-c-01: 1000/5000  (0.3 Frames/s, ETA 4.05 h)
  mace-L2-c-01: 1200/5000  (0.3 Frames/s, ETA 3.84 h)
  mace-L2-c-01: 1400/5000  (0.3 Frames/s, ETA 3.63 h)
  mace-L2-c-01: 1600/5000  (0.3 Frames/s, ETA 3.43 h)
  mace-L2-c-01: 1800/5000  (0.3 Frames/s, ETA 3.26 h)
  mace-L2-c-01: 2000/5000  (0.3 Frames/s, ETA 3.03 h)
  mace-L2-c-01: 2200/5000  (0.3 Frames/s, ETA 2.80 h)
  mace-L2-c-01: 2400/5000  (0.3 Frames/s, ETA 2.59 h)
  mace-L2-c-01: 2600/5000  (0.3 Frames/s, ETA 2.38 h)
  mace-L2-c-01: 2800/5000  (0.3 Frames/s, ETA 2.17 h)
  mace-L2-c-01: 3000/5000  (0.3 Frames/s, ETA 1.99 h)
  mace-L2-c-01: 3200/5000  (0.3 Frames/s, ETA 1.79 h)
  mace-L2-c-01: 3400/5000  (0.3 Frames/s, ETA 1.60 h)
  mace-L2-c-01: 3600/5000  (0.3 Frames/s, ETA 1.40 h)
  mace-L2-c-01: 3800/5000  (0.3 Frames/s, ETA 1.21 h)
  mace-L2-c-01: 4000/5000  (0.3 Frames/s, ETA 1.01 h)
  mace-L2-c-01: 4200/5000  (0.3 Frames/s, ETA 0.80 h)
  mace-L2-c-01: 4400/5000  (0.3 Frames/s, ETA 0.60 h)
  mace-L2-c-01: 4600/5000  (0.3 Frames/s, ETA 0.40 h)
  mace-L2-c-01: 4800/5000  (0.3 Frames/s, ETA 0.20 h)
  mace-L2-c-01: 5000/5000  (0.3 Frames/s, ETA 0.00 h)
[done ] mace-L2-c-01: 5000 Frames -> single_mace-L2-c-01_testfull_n5000.npz  (297.9 min)

Fertig. Gesamtzeit 4.97 h.
